  Plural  Repositories                                                                                  3 repositories
  ────────────────────────────────────────────────────────────────────────────────────────────────────────────────────

  ╭─ › Repositories ─────────────────────────────────────────────────────────────────────────────────────────────────╮
  │   URL                                              HEALTH     ERROR                                              │
  │ › git@github.com:acme/infra.git                    PULLABLE   —                                                  │
  │   https://github.com/acme/apps.git                 FAILED     auth failed                                        │
  │   git@gitlab.com:acme/charts.git                   PULLABLE   —                                                  │
  │                                                                                                                  │
  │ page · n next                                                                                                    │
  │                                                                                                                  │
  │                                                                                                                  │
  │                                                                                                                  │
  │                                                                                                                  │
  │                                                                                                                  │
  │                                                                                                                  │
  ╰──────────────────────────────────────────────────────────────────────────────────────────────────────────────────╯












  ↑/↓ select · enter open · / filter · n/p page · r refresh · esc back
