  Plural  Repositories · git@github.com:acme/infra.git                PULLABLE
  ────────────────────────────────────────────────────────────────────────────

  ╭─ › Summary ──────────────────────────────────────────────────────────────╮
  │ URL          git@github.com:acme/infra.git                               │
  │ Health       PULLABLE                                                    │
  │ Auth         SSH                                                         │
  │ Decrypt      true                                                        │
  │ ID           r1                                                          │
  │                                                                          │
  │                                                                          │
  │                                                                          │
  │                                                                          │
  │                                                                          │
  │                                                                          │
  │                                                                          │
  │                                                                          │
  │                                                                          │
  ╰──────────────────────────────────────────────────────────────────────────╯




  r refresh · esc list · ctrl+c quit
