  Plural  Notifications                                                3 sinks
  ────────────────────────────────────────────────────────────────────────────

  ╭─ › Notification sinks ───────────────────────────────────────────────────╮
  │   NAME                TYPE     URL                                       │
  │ › ops-slack           SLACK    https://hooks.slack.com/services/T/B/x    │
  │   ops-teams           TEAMS    https://teams.example/webhook             │
  │   plural-inbox        PLURAL   —                                         │
  │                                                                          │
  │ page · n next                                                            │
  │                                                                          │
  │                                                                          │
  │                                                                          │
  │                                                                          │
  │                                                                          │
  │                                                                          │
  ╰──────────────────────────────────────────────────────────────────────────╯






  ↑/↓ · enter · / · n/p page · esc back
