  Plural  Notifications · ops-slack                                      SLACK
  ────────────────────────────────────────────────────────────────────────────

  ╭─ › Summary ──────────────────────────────────────────────────────────────╮
  │ Name         ops-slack                                                   │
  │ Type         SLACK                                                       │
  │ URL          https://hooks.slack.com/services/T/B/x                      │
  │ ID           s1                                                          │
  │                                                                          │
  │ Bindings                                                                 │
  │   user  ops@acme.io                                                      │
  │   group  platform                                                        │
  │                                                                          │
  │                                                                          │
  │                                                                          │
  │                                                                          │
  │                                                                          │
  │                                                                          │
  ╰──────────────────────────────────────────────────────────────────────────╯




  r refresh · esc list · ctrl+c quit
