  Plural  Clusters                                                                                          3 clusters
  ────────────────────────────────────────────────────────────────────────────────────────────────────────────────────

  ╭─ › Clusters ─────────────────────────────────────────────────────────────────────────────────────────────────────╮
  │   HANDLE               NAME                     VERSION    DISTRO                                                │
  │ › @prod-eu             production               1.30.2     EKS                                                   │
  │   @staging             staging                  1.29.0     EKS                                                   │
  │   —                    edge                     1.28.1     K3S                                                   │
  │                                                                                                                  │
  │                                                                                                                  │
  │                                                                                                                  │
  │                                                                                                                  │
  │                                                                                                                  │
  │                                                                                                                  │
  │                                                                                                                  │
  │                                                                                                                  │
  ╰──────────────────────────────────────────────────────────────────────────────────────────────────────────────────╯












  ↑/↓ select · enter open · / filter · r refresh · esc back
