  Plural  Clusters · production                                                                                   self
  ────────────────────────────────────────────────────────────────────────────────────────────────────────────────────

  ╭─ › Summary ──────────────────────────────────────────────────────────────────────────────────────────────────────╮
  │ Handle       @prod-eu                                                                                            │
  │ Name         production                                                                                          │
  │ Version      1.30.2                                                                                              │
  │ Distro       EKS                                                                                                 │
  │ Project      acme                                                                                                │
  │ Provider     aws · EKS                                                                                           │
  │ Pinged       2026-07-29T10:00:00Z                                                                                │
  │ Self         true                                                                                                │
  │ Protect      false                                                                                               │
  │ Node pools   2                                                                                                   │
  │ ID           c1                                                                                                  │
  │                                                                                                                  │
  │ Tags                                                                                                             │
  │   env=prod                                                                                                       │
  ╰──────────────────────────────────────────────────────────────────────────────────────────────────────────────────╯










  r refresh · esc list · ctrl+c quit
