  ╭─ Plural ───────────────────────────────────── ✓ personal · alex@acme.io ─╮
  │                    │ ✓ Console                                           │
  │    ███████   ██    │ URL       https://console.acme.io                   │
  │    ██        ██    │ ─────────────────────────────────────────────────── │
  │    ██   ██   ██    │ ✓ Workspace · plrl-dev-aws · /work/path/...         │
  │    ██        ██    │ Provider  aws · eu-west-1                           │
  │    ██   ███████    │ Owner     sebastian@plural.sh                       │
  │                    │                                                     │
  ╰─ v0.13.0 ────────────────────────────────────────────────────────────────╯











  ╭─ Command ────────────────────────────────────────────────────────────────╮
  │ › Search commands…                                                       │
  ╰──────────────────────────────────────────────────────────────────────────╯
    tab complete · ↑/↓ suggestions · enter select · esc clear · ctrl+c quit
