  ╭─ Plural ───────────────────────────────────── ✓ personal · alex@acme.io ─╮
  │                    │ ✓ Console                                           │
  │    ███████   ██    │ URL       https://console.acme.io                   │
  │    ██        ██    │ ─────────────────────────────────────────────────── │
  │    ██   ██   ██    │ ✓ Workspace · plrl-dev-aws · /work/plural           │
  │    ██        ██    │ Provider  aws · eu-west-1                           │
  │    ██   ███████    │ Owner     alex@acme.io                              │
  │                    │                                                     │
  ╰─ v0.13.0 ────────────────────────────────────────────────────────────────╯






  ╭─ Choose an area ─────────────────────────────────────────────────────────╮
  │   1  d   CD / Deployments    clusters · services · repos                 │
  │ › 2  a   Access              login · profiles · Console                  │
  │   3  g   Diagnose            local context · checks                      │
  │   4  ?   Help                shortcuts · about                           │
  │                                                                          │
  │ Setup · Agents · Develop — later                                         │
  ╰──────────────────────────────────────────────────────────────────────────╯
    1–4 open · letter shortcut · ↑/↓ · enter · ctrl+c quit
