  Plural  Stacks · gke-demo                                                                                  TERRAFORM
  ────────────────────────────────────────────────────────────────────────────────────────────────────────────────────

  ╭─ › Summary ──────────────────────────────────────────────────────────────────────────────────────────────────────╮
  │ Name         gke-demo                                                                                            │
  │ Type         TERRAFORM                                                                                           │
  │ Project      acme                                                                                                │
  │ Cluster      mgmt                                                                                                │
  │ Approval     true                                                                                                │
  │ Repo         https://github.com/acme/fleet                                                                       │
  │ Git          main · terraform                                                                                    │
  │ Workdir      gke-cluster                                                                                         │
  │ State        true                                                                                                │
  │ Version      1.8.2                                                                                               │
  │ ID           s1                                                                                                  │
  │ Env          TF_VAR_cluster                                                                                      │
  │ Outputs      cluster_name, token (secret)                                                                        │
  │                                                                                                                  │
  ╰──────────────────────────────────────────────────────────────────────────────────────────────────────────────────╯










  r refresh · esc list · ctrl+c quit
