  Plural  Stacks                                                      3 stacks
  ────────────────────────────────────────────────────────────────────────────

  ╭─ › Stacks ───────────────────────────────────────────────────────────────╮
  │   NAME                TYPE      CLUSTER        PROJECT                   │
  │ › gke-demo            TERRAFORM mgmt           acme                      │
  │   ansible-edge        ANSIBLE   edge           acme                      │
  │   pulumi-net          PULUMI    —              —                         │
  │                                                                          │
  │ page · n next                                                            │
  │                                                                          │
  │                                                                          │
  │                                                                          │
  │                                                                          │
  │                                                                          │
  │                                                                          │
  ╰──────────────────────────────────────────────────────────────────────────╯






  ↑/↓ · enter · / · n/p page · esc back
