  Plural  Pull requests                                          3 automations
  ────────────────────────────────────────────────────────────────────────────

  ╭─ › PR automations ───────────────────────────────────────────────────────╮
  │   NAME                   ADDON        TITLE                              │
  │ › cluster-create         cluster      Create cluster                     │
  │   service-bump           service      Bump service chart                 │
  │   stack-plan             —            Stack plan PR                      │
  │                                                                          │
  │ page · n next                                                            │
  │                                                                          │
  │                                                                          │
  │                                                                          │
  │                                                                          │
  │                                                                          │
  │                                                                          │
  ╰──────────────────────────────────────────────────────────────────────────╯






  ↑/↓ · enter · / · n/p page · esc back
