  Plural  Pull requests                                                                                  3 automations
  ────────────────────────────────────────────────────────────────────────────────────────────────────────────────────

  ╭─ › PR automations ───────────────────────────────────────────────────────────────────────────────────────────────╮
  │   NAME                   ADDON        TITLE                                                                      │
  │ › cluster-create         cluster      Create cluster                                                             │
  │   service-bump           service      Bump service chart                                                         │
  │   stack-plan             —            Stack plan PR                                                              │
  │                                                                                                                  │
  │ page · n next                                                                                                    │
  │                                                                                                                  │
  │                                                                                                                  │
  │                                                                                                                  │
  │                                                                                                                  │
  │                                                                                                                  │
  │                                                                                                                  │
  ╰──────────────────────────────────────────────────────────────────────────────────────────────────────────────────╯












  ↑/↓ select · enter open · / filter · n/p page · r refresh · esc back
