  Plural  Services · api                                                                                       HEALTHY
  ────────────────────────────────────────────────────────────────────────────────────────────────────────────────────

  ╭─ Summary ────────────────────────────────────────────────────────────────────────────────────────────────────────╮
  │ Status       HEALTHY                                                                                             │
  │ Namespace    default                                                                                             │
  │ Cluster      @prod-eu · production                                                                               │
  │ Revision     main · 91ca21f0                                                                                     │
  │ Git          main / services/api                                                                                 │
  │ Components   13 / 14 synced                                                                                      │
  │ 1 errors                                                                                                         │
  ╰──────────────────────────────────────────────────────────────────────────────────────────────────────────────────╯

  ╭─ › Actions ──────────────────────────────────────────────────────────────────────────────────────────────────────╮
  │ › k  Kick        force sync now                                                                                  │
  │   e  Edit        git ref · folder · config · version                                                             │
  │   c  Clone       onto another cluster                                                                            │
  │   t  Tarball     download locally                                                                                │
  │   m  Template…   liquid / tpl / lua workbench                                                                    │
  │   d  Delete      remove service  [destructive]                                                                   │
  ╰──────────────────────────────────────────────────────────────────────────────────────────────────────────────────╯








  ↑/↓ actions · enter · k e c t m d · r refresh · esc list
