  Plural  Services                                                                                          3 clusters
  ────────────────────────────────────────────────────────────────────────────────────────────────────────────────────

  ╭─ › Choose a cluster ─────────────────────────────────────────────────────────────────────────────────────────────╮
  │   HANDLE                   NAME                     ID                                                           │
  │ › @prod-eu                 production               c1                                                           │
  │   @staging                 staging                  c2                                                           │
  │   —                        edge                     c3                                                           │
  │                                                                                                                  │
  │                                                                                                                  │
  │                                                                                                                  │
  │                                                                                                                  │
  │                                                                                                                  │
  │                                                                                                                  │
  │                                                                                                                  │
  │                                                                                                                  │
  ╰──────────────────────────────────────────────────────────────────────────────────────────────────────────────────╯












  ↑/↓ select · enter open cluster · / filter · r refresh · esc back
