  Plural  Services                                                                               3 services · @prod-eu
  ────────────────────────────────────────────────────────────────────────────────────────────────────────────────────

  ╭─ › Services · @prod-eu ──────────────────────────────────────────────────────────────────────────────────────────╮
  │   NAME                         NAMESPACE      STATUS     GIT                                                     │
  │ › api                          default        HEALTHY    main services/api                                       │
  │   worker                       jobs           FAILED     main services/worker                                    │
  │   canary                       default        SYNCED     release services/canary                                 │
  │                                                                                                                  │
  │ page · ] next                                                                                                    │
  │                                                                                                                  │
  │                                                                                                                  │
  │                                                                                                                  │
  │                                                                                                                  │
  │                                                                                                                  │
  │                                                                                                                  │
  ╰──────────────────────────────────────────────────────────────────────────────────────────────────────────────────╯












  ↑/↓ · enter detail · n create · / filter · ]/[ page · r refresh · esc
