  Plural  Up                                                                                              step 4 · aws
  ────────────────────────────────────────────────────────────────────────────────────────────────────────────────────

  ╭─ › Provider setup ───────────────────────────────────────────────────────────────────────────────────────────────╮
  │ Provider  AWS                                                                                                    │
  │           fake credentials ok · account 123456789012                                                             │
  │                                                                                                                  │
  │ › Cluster name                                                                                                   │
  │   › demo                                                                                                         │
  │   Region  us-east-2                                                                                              │
  │                                                                                                                  │
  │                                                                                                                  │
  │                                                                                                                  │
  │                                                                                                                  │
  │                                                                                                                  │
  │                                                                                                                  │
  │                                                                                                                  │
  │                                                                                                                  │
  │                                                                                                                  │
  │                                                                                                                  │
  ╰──────────────────────────────────────────────────────────────────────────────────────────────────────────────────╯








  ↑/↓ · enter next/done · esc providers
