  Plural  Pipelines                                                3 pipelines
  ────────────────────────────────────────────────────────────────────────────

  ╭─ › Pipelines ────────────────────────────────────────────────────────────╮
  │   NAME                      PROJECT             STAGES                   │
  │ › deploy-prod               acme                2                        │
  │   canary                    acme                3                        │
  │   hotfix                    —                   1                        │
  │                                                                          │
  │ page · n next                                                            │
  │                                                                          │
  │                                                                          │
  │                                                                          │
  │                                                                          │
  │                                                                          │
  │                                                                          │
  ╰──────────────────────────────────────────────────────────────────────────╯






  ↑/↓ · enter · / · n/p page · esc back
