  Plural  Pipelines · deploy-prod                                     2 stages
  ────────────────────────────────────────────────────────────────────────────

  ╭─ › Summary ──────────────────────────────────────────────────────────────╮
  │ Name         deploy-prod                                                 │
  │ Project      acme                                                        │
  │ Stages       2                                                           │
  │ ID           p1                                                          │
  │                                                                          │
  │ Stages                                                                   │
  │   dev  default/api                                                       │
  │   prod  default/api                                                      │
  │                                                                          │
  │ Edges                                                                    │
  │   dev → prod                                                             │
  │                                                                          │
  │                                                                          │
  │                                                                          │
  ╰──────────────────────────────────────────────────────────────────────────╯




  r refresh · esc list · ctrl+c quit
